// Jest Snapshot v1, https://goo.gl/fbAQLP

exports[`Search Has a vaild Snapshot 1`] = `
<form>
  <input
    type="text"
  />
  <button
    type="submit"
  >
    Search
  </button>
</form>
`;
