// Jest Snapshot v1, https://goo.gl/fbAQLP

exports[`Button has a vaild Snapshot 1`] = `
<button
  className=""
  type="button"
>
  Give Me More
</button>
`;
